[debug] [2026-08-29T02:19:43.009Z] ----------------------------------------------------------------------
[debug] [2026-08-29T02:19:43.011Z] Command:       /Users/aizy/.nvm/versions/node/v25.9.0/bin/node /Users/aizy/.nvm/versions/node/v25.9.0/bin/firebase init hosting
[debug] [2026-08-29T02:19:43.011Z] CLI Version:   15.28.2
[debug] [2026-08-29T02:19:43.011Z] Platform:      darwin
[debug] [2026-08-29T02:19:43.011Z] Node Version:  v25.9.0
[debug] [2026-08-29T02:19:43.011Z] Detected Agent: unknown
[debug] [2026-08-29T02:19:43.011Z] Time:          Sat Aug 29 2026 10:19:43 GMT+0800 (Philippine Standard Time)
[debug] [2026-08-29T02:19:43.011Z] ----------------------------------------------------------------------
[debug] 
[debug] [2026-08-29T02:19:43.015Z] >>> [apiv2][query] GET https://firebase-public.firebaseio.com/cli.json [none]
[info] 
     ######## #### ########  ######## ########     ###     ######  ########
     ##        ##  ##     ## ##       ##     ##  ##   ##  ##       ##
     ######    ##  ########  ######   ########  #########  ######  ######
     ##        ##  ##    ##  ##       ##     ## ##     ##       ## ##
     ##       #### ##     ## ######## ########  ##     ##  ######  ########

You're about to initialize a Firebase project in this directory:

  /Users/aizy/Documents/Personal Projects/portfolio

[info] 
=== Project Setup
[info] 
[info] First, let's associate this project directory with a Firebase project.
[info] You can create multiple project aliases by running firebase use --add, 
[info] 
[debug] [2026-08-29T02:19:44.207Z] <<< [apiv2][status] GET https://firebase-public.firebaseio.com/cli.json 200
[debug] [2026-08-29T02:19:44.208Z] <<< [apiv2][body] GET https://firebase-public.firebaseio.com/cli.json {"cloudBuildErrorAfter":1594252800000,"cloudBuildWarnAfter":1590019200000,"defaultNode10After":1594252800000,"minVersion":"3.0.5","node8DeploysDisabledAfter":1613390400000,"node8RuntimeDisabledAfter":1615809600000,"node8WarnAfter":1600128000000}
[debug] [2026-08-29T02:21:13.807Z] ExitPromptError: User force closed the prompt with SIGINT
    at Interface.sigint (/Users/aizy/.nvm/versions/node/v25.9.0/lib/node_modules/firebase-tools/node_modules/@inquirer/core/dist/commonjs/lib/create-prompt.js:101:37)
    at Interface.emit (node:events:509:20)
    at [_ttyWrite] [as _ttyWrite] (node:internal/readline/interface:1327:18)
    at ReadStream.onkeypress (node:internal/readline/interface:284:20)
    at ReadStream.emit (node:events:521:24)
    at emitKeys (node:internal/readline/utils:371:14)
    at emitKeys.next (<anonymous>)
    at ReadStream.onData (node:internal/readline/emitKeypressEvents:64:36)
    at ReadStream.emit (node:events:509:20)
    at addChunk (node:internal/streams/readable:564:12)
[error] 
[error] Error: An unexpected error has occurred.
